app/enroll/step-2/page.tsx(45,5): error TS2719: Type 'import("C:/Users/anshu/OneDrive/Desktop/edzy-enroll/node_modules/react-hook-form/dist/types/resolvers").Resolver<{ classLevel: "9" | "10" | "11" | "12"; subjects: string[]; examGoal: "Board Excellence" | "Concept Mastery" | "Competitive Prep"; weeklyStudyHours: unknown; scholarship: boolean; lastExamPercentage: unkn...' is not assignable to type 'import("C:/Users/anshu/OneDrive/Desktop/edzy-enroll/node_modules/react-hook-form/dist/types/resolvers").Resolver<{ classLevel: "9" | "10" | "11" | "12"; subjects: string[]; examGoal: "Board Excellence" | "Concept Mastery" | "Competitive Prep"; weeklyStudyHours: unknown; scholarship: boolean; lastExamPercentage: unkn...'. Two different types with this name exist, but they are unrelated.
  Type 'import("C:/Users/anshu/OneDrive/Desktop/edzy-enroll/node_modules/react-hook-form/dist/types/resolvers").ResolverResult<{ classLevel: "9" | "10" | "11" | "12"; subjects: string[]; examGoal: "Board Excellence" | "Concept Mastery" | "Competitive Prep"; weeklyStudyHours: unknown; scholarship: boolean; lastExamPercentage...' is not assignable to type 'import("C:/Users/anshu/OneDrive/Desktop/edzy-enroll/node_modules/react-hook-form/dist/types/resolvers").ResolverResult<{ classLevel: "9" | "10" | "11" | "12"; subjects: string[]; examGoal: "Board Excellence" | "Concept Mastery" | "Competitive Prep"; weeklyStudyHours: unknown; scholarship: boolean; lastExamPercentage...'. Two different types with this name exist, but they are unrelated.
    Type 'ResolverSuccess<{ classLevel: "9" | "10" | "11" | "12"; subjects: string[]; examGoal: "Board Excellence" | "Concept Mastery" | "Competitive Prep"; weeklyStudyHours: number; scholarship: boolean; lastExamPercentage?: number | undefined; achievements?: string | undefined; }>' is not assignable to type 'ResolverResult<{ classLevel: "9" | "10" | "11" | "12"; subjects: string[]; examGoal: "Board Excellence" | "Concept Mastery" | "Competitive Prep"; weeklyStudyHours: unknown; scholarship: boolean; lastExamPercentage: unknown; achievements?: string | undefined; }, { ...; }> | Promise<...>'.
      Type 'ResolverSuccess<{ classLevel: "9" | "10" | "11" | "12"; subjects: string[]; examGoal: "Board Excellence" | "Concept Mastery" | "Competitive Prep"; weeklyStudyHours: number; scholarship: boolean; lastExamPercentage?: number | undefined; achievements?: string | undefined; }>' is not assignable to type 'ResolverSuccess<{ classLevel: "9" | "10" | "11" | "12"; subjects: string[]; examGoal: "Board Excellence" | "Concept Mastery" | "Competitive Prep"; weeklyStudyHours: unknown; scholarship: boolean; lastExamPercentage: unknown; achievements?: string | undefined; }>'.
        Type '{ classLevel: "9" | "10" | "11" | "12"; subjects: string[]; examGoal: "Board Excellence" | "Concept Mastery" | "Competitive Prep"; weeklyStudyHours: number; scholarship: boolean; lastExamPercentage?: number | undefined; achievements?: string | undefined; }' is not assignable to type '{ classLevel: "9" | "10" | "11" | "12"; subjects: string[]; examGoal: "Board Excellence" | "Concept Mastery" | "Competitive Prep"; weeklyStudyHours: unknown; scholarship: boolean; lastExamPercentage: unknown; achievements?: string | undefined; }'.
          Property 'lastExamPercentage' is optional in type '{ classLevel: "9" | "10" | "11" | "12"; subjects: string[]; examGoal: "Board Excellence" | "Concept Mastery" | "Competitive Prep"; weeklyStudyHours: number; scholarship: boolean; lastExamPercentage?: number | undefined; achievements?: string | undefined; }' but required in type '{ classLevel: "9" | "10" | "11" | "12"; subjects: string[]; examGoal: "Board Excellence" | "Concept Mastery" | "Competitive Prep"; weeklyStudyHours: unknown; scholarship: boolean; lastExamPercentage: unknown; achievements?: string | undefined; }'.
app/enroll/step-2/page.tsx(98,42): error TS2345: Argument of type '(values: Step2Output) => void' is not assignable to parameter of type 'SubmitHandler<TFieldValues>'.
  Types of parameters 'values' and 'data' are incompatible.
    Type 'TFieldValues' is not assignable to type '{ classLevel: "9" | "10" | "11" | "12"; subjects: string[]; examGoal: "Board Excellence" | "Concept Mastery" | "Competitive Prep"; weeklyStudyHours: number; scholarship: boolean; lastExamPercentage?: number | undefined; achievements?: string | undefined; }'.
      Type 'FieldValues' is missing the following properties from type '{ classLevel: "9" | "10" | "11" | "12"; subjects: string[]; examGoal: "Board Excellence" | "Concept Mastery" | "Competitive Prep"; weeklyStudyHours: number; scholarship: boolean; lastExamPercentage?: number | undefined; achievements?: string | undefined; }': classLevel, subjects, examGoal, weeklyStudyHours, scholarship
